[jacqueline-html.themerex.net/index.html]
[backblue.gif]
[fade.gif]
[index.html]
[jacqueline-html.themerex.net/css/admin_icon.min.css]
[maxcdn.bootstrapcdn.com/font-awesome/4.3.0/css/font-awesome.minb2f9.css]
[jacqueline-html.themerex.net/js/vendor/essgrid/esg.settings.css]
[jacqueline-html.themerex.net/js/vendor/revslider/rev.settings.css]
[jacqueline-html.themerex.net/css/fontello/css/fontello.css]
[jacqueline-html.themerex.net/css/style.css]
[jacqueline-html.themerex.net/css/core.animation.css]
[jacqueline-html.themerex.net/css/shortcodes.css]
[jacqueline-html.themerex.net/js/vendor/booked/booked.css]
[jacqueline-html.themerex.net/css/instagram-widget.css]
[jacqueline-html.themerex.net/css/skin.css]
[jacqueline-html.themerex.net/css/responsive.css]
[jacqueline-html.themerex.net/css/skin.responsive.css]
[jacqueline-html.themerex.net/css/custom.responsive.css]
[jacqueline-html.themerex.net/js/vendor/grid.layout/grid.layout.min.css]
[jacqueline-html.themerex.net/css/core.messages.css]
[jacqueline-html.themerex.net/js/vendor/swiper/swiper.css]
[jacqueline-html.themerex.net/js/vendor/essgrid/lightbox.css]
[jacqueline-html.themerex.net/css/plugins.css]
[jacqueline-html.themerex.net/css/custom.css]
[jacqueline-html.themerex.net/index-2.html]
[jacqueline-html.themerex.net/images/Logo.png]
[jacqueline-html.themerex.net/home-3.html]
[jacqueline-html.themerex.net/gallery-grid.html]
[jacqueline-html.themerex.net/gallery-masonry.html]
[jacqueline-html.themerex.net/gallery-cobbles.html]
[jacqueline-html.themerex.net/gallery-polaroid.html]
[jacqueline-html.themerex.net/about-us.html]
[jacqueline-html.themerex.net/about-us-2.html]
[jacqueline-html.themerex.net/staff.html]
[jacqueline-html.themerex.net/contacts.html]
[jacqueline-html.themerex.net/price-tables.html]
[jacqueline-html.themerex.net/pricing.html]
[jacqueline-html.themerex.net/events.html]
[jacqueline-html.themerex.net/certificates.html]
[jacqueline-html.themerex.net/services.html]
[jacqueline-html.themerex.net/services-2.html]
[jacqueline-html.themerex.net/typography.html]
[jacqueline-html.themerex.net/shortcodes.html]
[jacqueline-html.themerex.net/404.html]
[jacqueline-html.themerex.net/video.html]
[jacqueline-html.themerex.net/faq.html]
[jacqueline-html.themerex.net/support.html]
[jacqueline-html.themerex.net/booking.html]
[jacqueline-html.themerex.net/classic.html]
[jacqueline-html.themerex.net/masonry-2-columns.html]
[jacqueline-html.themerex.net/masonry-3-columns.html]
[jacqueline-html.themerex.net/portfolio-2-columns.html]
[jacqueline-html.themerex.net/portfolio-3-columns.html]
[jacqueline-html.themerex.net/post-formats.html]
[jacqueline-html.themerex.net/shop.html]
[jacqueline-html.themerex.net/images/1-1.jpg]
[jacqueline-html.themerex.net/images/Vector-Smart-Object-6.png]
[jacqueline-html.themerex.net/images/3-2.jpg]
[jacqueline-html.themerex.net/images/2-3.jpg]
[jacqueline-html.themerex.net/single-post.html]
[jacqueline-html.themerex.net/images/3-1-358x393.jpg]
[jacqueline-html.themerex.net/images/1-2-358x393.jpg]
[jacqueline-html.themerex.net/images/logo-2.png]
[jacqueline-html.themerex.net/images/image-3-370x370.jpg]
[jacqueline-html.themerex.net/images/image-17-370x370.jpg]
[jacqueline-html.themerex.net/images/image-18-370x370.jpg]
[jacqueline-html.themerex.net/single-product.html]
[jacqueline-html.themerex.net/images/3473311421005_95.jpg]
[jacqueline-html.themerex.net/images/3473311970015_94.jpg]
[jacqueline-html.themerex.net/js/vendor/jquery/jquery-migrate.min.js]
[jacqueline-html.themerex.net/js/vendor/jquery/jquery.js]
[jacqueline-html.themerex.net/js/vendor/revslider/extensions/revolution.extension.actions.min.js]
[jacqueline-html.themerex.net/js/vendor/revslider/extensions/revolution.extension.slideanims.min.js]
[jacqueline-html.themerex.net/js/vendor/revslider/jquery.themepunch.revolution.min.js]
[jacqueline-html.themerex.net/js/vendor/essgrid/jquery.themepunch.essential.min.js]
[jacqueline-html.themerex.net/js/vendor/revslider/extensions/revolution.extension.layeranimation.min.js]
[jacqueline-html.themerex.net/js/vendor/revslider/extensions/revolution.extension.navigation.min.js]
[jacqueline-html.themerex.net/js/vendor/modernizr.min.js]
[jacqueline-html.themerex.net/js/custom/custom.js]
[jacqueline-html.themerex.net/js/vendor/superfish.js]
[jacqueline-html.themerex.net/js/vendor/jquery.slidemenu.js]
[jacqueline-html.themerex.net/js/custom/core.utils.js]
[jacqueline-html.themerex.net/js/custom/theme.init.js]
[jacqueline-html.themerex.net/js/vendor/social-share.js]
[jacqueline-html.themerex.net/js/custom/core.init.js]
[jacqueline-html.themerex.net/js/custom/core.messages.js]
[jacqueline-html.themerex.net/js/custom/theme.shortcodes.js]
[jacqueline-html.themerex.net/js/vendor/grid.layout/grid.layout.min.js]
[jacqueline-html.themerex.net/index.html]
[jacqueline-html.themerex.net/img/icon.png]
[jacqueline-html.themerex.net/js/vendor/isotope/isotope.min.js]
[jacqueline-html.themerex.net/img/icon_accordion.png]
[jacqueline-html.themerex.net/js/vendor/swiper/swiper.js]
[jacqueline-html.themerex.net/img/icon_hotspot.png]
[jacqueline-html.themerex.net/img/icon_dagallery.png]
[jacqueline-html.themerex.net/img/icon_mediumgallery.png]
[jacqueline-html.themerex.net/img/icon_masonry.png]
[jacqueline-html.themerex.net/img/icon_scrollnotification.png]
[jacqueline-html.themerex.net/img/icon_timeline.png]
[jacqueline-html.themerex.net/img/icon_fluidbox.png]
[jacqueline-html.themerex.net/img/icon_productcover.png]
[jacqueline-html.themerex.net/img/icon_ribbon.png]
[jacqueline-html.themerex.net/img/icon_appmockup.png]
[jacqueline-html.themerex.net/img/icon_depthmodal.png]
[jacqueline-html.themerex.net/img/icon_profilecard.png]
[jacqueline-html.themerex.net/img/icon_testimonial.png]
[jacqueline-html.themerex.net/img/icon_tab.png]
[jacqueline-html.themerex.net/img/icon_image.png]
[jacqueline-html.themerex.net/img/icon_parallax.png]
[jacqueline-html.themerex.net/img/icon_stackgallery.png]
[jacqueline-html.themerex.net/img/icon_figurenav.png]
[jacqueline-html.themerex.net/img/icon_button01.png]
[jacqueline-html.themerex.net/img/icon_todolist.png]
[jacqueline-html.themerex.net/img/icon_carouselgallery.png]
[jacqueline-html.themerex.net/img/icon_zoommagnify.png]
[jacqueline-html.themerex.net/img/icon_fullscreenintro.png]
[jacqueline-html.themerex.net/img/icon_pagetransition.png]
[jacqueline-html.themerex.net/img/icon_thumbcaption.png]
[jacqueline-html.themerex.net/img/icon_imagearrow.png]
[jacqueline-html.themerex.net/img/icon_metrocarousel.png]
[jacqueline-html.themerex.net/img/icon_separator.png]
[jacqueline-html.themerex.net/img/icon_materialcard.png]
[jacqueline-html.themerex.net/img/icon_cubebox.png]
[jacqueline-html.themerex.net/img/icon_sidebyside.png]
[jacqueline-html.themerex.net/img/icon_typewriter.png]
[jacqueline-html.themerex.net/img/icon_sticker.png]
[jacqueline-html.themerex.net/img/icon_imageoverlay.png]
[jacqueline-html.themerex.net/img/icon_imageoverlay2.png]
[jacqueline-html.themerex.net/img/icon_flipbox.png]
[jacqueline-html.themerex.net/img/icon_bannerblock.png]
[jacqueline-html.themerex.net/img/icon_beforeafter.png]
[jacqueline-html.themerex.net/img/icon_compareslider.png]
[jacqueline-html.themerex.net/img/icon_imageaccordion.png]
[jacqueline-html.themerex.net/img/icon_profilepanel.png]
[jacqueline-html.themerex.net/img/icon_videocover.png]
[jacqueline-html.themerex.net/img/icon_stackblock.png]
[jacqueline-html.themerex.net/img/icon_gradientbox.png]
[jacqueline-html.themerex.net/img/icon_vectorcard.png]
[jacqueline-html.themerex.net/img/icon_avatarwithpopup.png]
[jacqueline-html.themerex.net/img/icon_coverslider.png]
[jacqueline-html.themerex.net/img/icon_colorblock.png]
[jacqueline-html.themerex.net/img/icon_testimoniallist.png]
[jacqueline-html.themerex.net/img/icon_homeslider.png]
[jacqueline-html.themerex.net/css/admin_icon.min.css]
[maxcdn.bootstrapcdn.com/font-awesome/4.3.0/css/font-awesome.minb2f9.css]
[jacqueline-html.themerex.net/js/vendor/images/loader.gif]
[jacqueline-html.themerex.net/images/loader.gif]
[jacqueline-html.themerex.net/font/egfontdde9.eot]
[jacqueline-html.themerex.net/font/egfontdde9.ttf]
[jacqueline-html.themerex.net/js/vendor/essgrid/esg.settings.css]
[jacqueline-html.themerex.net/font/egfontdde9.svg]
[jacqueline-html.themerex.net/js/vendor/fonts/revicons/revicons.9c90c6.delayed]
[jacqueline-html.themerex.net/font/egfontdde9.woff]
[jacqueline-html.themerex.net/js/vendor/fonts/revicons/revicons90c6.woff]
[jacqueline-html.themerex.net/js/vendor/fonts/revicons/revicons90c6.ttf]
[jacqueline-html.themerex.net/js/vendor/fonts/revicons/revicons90c6.svg]
[jacqueline-html.themerex.net/js/vendor/revslider/openhand.cur]
[jacqueline-html.themerex.net/js/vendor/revslider/closedhand.cur]
[jacqueline-html.themerex.net/js/vendor/assets/gridtile.png]
[jacqueline-html.themerex.net/js/vendor/assets/gridtile_white.png]
[jacqueline-html.themerex.net/js/vendor/assets/gridtile_3x3.png]
[jacqueline-html.themerex.net/js/vendor/assets/gridtile_3x3_white.png]
[jacqueline-html.themerex.net/js/vendor/assets/coloredbg.png]
[jacqueline-html.themerex.net/js/vendor/revslider/rev.settings.css]
[jacqueline-html.themerex.net/css/fontello/font/fontello628c.woff2]
[jacqueline-html.themerex.net/css/fontello/font/fontello628c.ttf]
[jacqueline-html.themerex.net/css/fontello/font/fontello628c.eot]
[jacqueline-html.themerex.net/css/fontello/css/fontello.css]
[jacqueline-html.themerex.net/css/fontello/font/fontello628c.svg]
[jacqueline-html.themerex.net/css/images/bg/texture_7.ad.delayed]
[jacqueline-html.themerex.net/css/images/rating_summary_bg.png]
[jacqueline-html.themerex.net/css/fontello/font/fontello628c.woff]
[jacqueline-html.themerex.net/css/images/bg_dark.jpg]
[jacqueline-html.themerex.net/css/images/bg_light.jpg]
[jacqueline-html.themerex.net/css/images/bg_yellow.jpg]
[jacqueline-html.themerex.net/css/images/texture_top.png]
[jacqueline-html.themerex.net/css/images/texture_slider.png]
[jacqueline-html.themerex.net/css/images/texture_center.png]
[jacqueline-html.themerex.net/css/images/bg/texture_1.png]
[jacqueline-html.themerex.net/css/images/bg/texture_2.png]
[jacqueline-html.themerex.net/css/images/bg/texture_3.png]
[jacqueline-html.themerex.net/css/images/bg/texture_4.png]
[jacqueline-html.themerex.net/css/images/bg/texture_5.png]
[jacqueline-html.themerex.net/css/images/bg/texture_6.png]
[jacqueline-html.themerex.net/css/images/bg/texture_8.png]
[jacqueline-html.themerex.net/css/images/bg/texture_9.png]
[jacqueline-html.themerex.net/css/images/bg/texture_10.png]
[jacqueline-html.themerex.net/css/images/bg/texture_11.png]
[jacqueline-html.themerex.net/css/images/bg/texture_12.png]
[jacqueline-html.themerex.net/css/images/bg/pattern_1.jpg]
[jacqueline-html.themerex.net/css/images/bg/pattern_1170x700.jpg]
[jacqueline-html.themerex.net/css/images/bg/pattern_5.jpg]
[jacqueline-html.themerex.net/css/images/bg/image_1.jpg]
[jacqueline-html.themerex.net/css/images/bg/image_1170x700.jpg]
[jacqueline-html.themerex.net/css/style.css]
[jacqueline-html.themerex.net/css/core.animation.css]
[jacqueline-html.themerex.net/css/shortcodes.css]
[jacqueline-html.themerex.net/js/vendor/booked/booked.css]
[jacqueline-html.themerex.net/css/instagram-widget.css]
[jacqueline-html.themerex.net/css/skin.css]
[jacqueline-html.themerex.net/css/custom-style.css]
[jacqueline-html.themerex.net/css/responsive.css]
[jacqueline-html.themerex.net/css/skin.responsive.css]
[jacqueline-html.themerex.net/css/custom.responsive.css]
[jacqueline-html.themerex.net/js/vendor/vc/alert.png]
[jacqueline-html.themerex.net/js/vendor/vc/info.png]
[jacqueline-html.themerex.net/js/vendor/vc/tick.png]
[jacqueline-html.themerex.net/js/vendor/vc/exclamation.png]
[jacqueline-html.themerex.net/js/vendor/images/icons/address-book.png]
[jacqueline-html.themerex.net/js/vendor/images/icons/alarm-clock.png]
[jacqueline-html.themerex.net/js/vendor/images/icons/anchor.png]
[jacqueline-html.themerex.net/js/vendor/images/icons/application-image.png]
[jacqueline-html.themerex.net/js/vendor/images/icons/arrow.png]
[jacqueline-html.themerex.net/js/vendor/images/icons/asterisk.png]
[jacqueline-html.themerex.net/js/vendor/images/icons/auction-hammer.png]
[jacqueline-html.themerex.net/js/vendor/images/icons/balloon.png]
[jacqueline-html.themerex.net/js/vendor/images/icons/balloon-buzz.png]
[jacqueline-html.themerex.net/js/vendor/images/icons/balloon-facebook.png]
[jacqueline-html.themerex.net/js/vendor/images/icons/balloon-twitter.png]
[jacqueline-html.themerex.net/js/vendor/images/icons/battery-full.png]
[jacqueline-html.themerex.net/js/vendor/images/icons/binocular.png]
[jacqueline-html.themerex.net/js/vendor/images/icons/blue-document-excel.png]
[jacqueline-html.themerex.net/js/vendor/images/icons/blue-document-image.png]
[jacqueline-html.themerex.net/js/vendor/images/icons/blue-document-music.png]
[jacqueline-html.themerex.net/js/vendor/images/icons/blue-document-office.png]
[jacqueline-html.themerex.net/js/vendor/images/icons/blue-document-pdf.png]
[jacqueline-html.themerex.net/js/vendor/images/icons/blue-document-powerpoint.png]
[jacqueline-html.themerex.net/js/vendor/images/icons/blue-document-word.png]
[jacqueline-html.themerex.net/js/vendor/images/icons/bookmark.png]
[jacqueline-html.themerex.net/js/vendor/images/icons/camcorder.png]
[jacqueline-html.themerex.net/js/vendor/images/icons/camera.png]
[jacqueline-html.themerex.net/js/vendor/images/icons/chart.png]
[jacqueline-html.themerex.net/js/vendor/images/icons/chart-pie.png]
[jacqueline-html.themerex.net/js/vendor/images/icons/clock.png]
[jacqueline-html.themerex.net/js/vendor/images/icons/control.png]
[jacqueline-html.themerex.net/js/vendor/images/icons/fire.png]
[jacqueline-html.themerex.net/js/vendor/images/icons/heart.png]
[jacqueline-html.themerex.net/js/vendor/images/icons/mail.png]
[jacqueline-html.themerex.net/js/vendor/images/icons/plus-shield.png]
[jacqueline-html.themerex.net/js/vendor/images/icons/video.png]
[jacqueline-html.themerex.net/js/vendor/images/toggle_open.png]
[jacqueline-html.themerex.net/js/vendor/images/toggle_close.png]
[jacqueline-html.themerex.net/js/vendor/images/flickr.png]
[jacqueline-html.themerex.net/js/vendor/fonts/sc_grid/sc_grid_v157a1.eot]
[jacqueline-html.themerex.net/js/vendor/fonts/sc_grid/sc_grid_v1d41d.eot]
[jacqueline-html.themerex.net/js/vendor/fonts/sc_grid/sc_grid_v157a1.woff]
[jacqueline-html.themerex.net/js/vendor/fonts/sc_grid/sc_grid_v157a1.ttf]
[jacqueline-html.themerex.net/js/vendor/fonts/sc_grid/sc_grid_v157a1.svg]
[jacqueline-html.themerex.net/js/vendor/grid.layout/grid.layout.min.css]
[jacqueline-html.themerex.net/css/core.messages.css]
[jacqueline-html.themerex.net/js/vendor/swiper/swiper.css]
[jacqueline-html.themerex.net/images/esgbox_sprite.png]
[jacqueline-html.themerex.net/js/vendor/images/esgbox_loading.gif]
[jacqueline-html.themerex.net/js/vendor/images/blank.gif]
[jacqueline-html.themerex.net/images/esgbox_sprite@2x.png]
[jacqueline-html.themerex.net/images/esgbox_loading@2x.gif]
[jacqueline-html.themerex.net/js/vendor/images/esgbox_buttons.png]
[jacqueline-html.themerex.net/js/vendor/essgrid/lightbox.css]
[jacqueline-html.themerex.net/css/plugins.css]
[jacqueline-html.themerex.net/images/21714921_original.jpg]
[jacqueline-html.themerex.net/images/Rectangle-136-copy.jpg]
[jacqueline-html.themerex.net/images/4-1.jpg]
[jacqueline-html.themerex.net/images/Layer-25-copy1.png]
[jacqueline-html.themerex.net/images/image-3.jpg]
[jacqueline-html.themerex.net/images/image-15.jpg]
[jacqueline-html.themerex.net/images/68802087.jpg]
[jacqueline-html.themerex.net/images/64695045.jpg]
[jacqueline-html.themerex.net/images/image-3-770x434.jpg]
[jacqueline-html.themerex.net/images/image-1-770x434.jpg]
[jacqueline-html.themerex.net/images/image-11-770x434.jpg]
[jacqueline-html.themerex.net/images/Depositphotos_12672740_original.jpg]
[jacqueline-html.themerex.net/images/Depositphotos_21608857_original.jpg]
[jacqueline-html.themerex.net/images/6363091.jpg]
[jacqueline-html.themerex.net/images/59250557.jpg]
[jacqueline-html.themerex.net/images/1267274.jpg]
[jacqueline-html.themerex.net/images/27666617_original.jpg]
[jacqueline-html.themerex.net/images/27666617.jpg]
[jacqueline-html.themerex.net/images/image-1.jpg]
[jacqueline-html.themerex.net/images/w3463.jpg]
[jacqueline-html.themerex.net/images/image-4.jpg]
[jacqueline-html.themerex.net/images/image-2.jpg]
[jacqueline-html.themerex.net/css/custom.css]
[jacqueline-html.themerex.net/index-2.html]
[jacqueline-html.themerex.net/home-2.html]
[jacqueline-html.themerex.net/js/vendor/essgrid/core.portfolio.css]
[jacqueline-html.themerex.net/images/Rectangle-1-copy-17.jpg]
[jacqueline-html.themerex.net/images/image-7-370x370.jpg]
[jacqueline-html.themerex.net/images/image-6-370x370.jpg]
[jacqueline-html.themerex.net/images/Depositphotos_30597439_original-e1459766175655.jpg]
[jacqueline-html.themerex.net/images/1-2.jpg]
[jacqueline-html.themerex.net/images/2-1a.jpg]
[jacqueline-html.themerex.net/images/3-1.jpg]
[jacqueline-html.themerex.net/images/image-10.jpg]
[jacqueline-html.themerex.net/images/image-2-1.jpg]
[jacqueline-html.themerex.net/images/image-11.jpg]
[jacqueline-html.themerex.net/images/image-3-1.jpg]
[jacqueline-html.themerex.net/images/image-12.jpg]
[jacqueline-html.themerex.net/images/image-4-1.jpg]
[jacqueline-html.themerex.net/images/logo_dark.png]
[jacqueline-html.themerex.net/js/vendor/jquery/core.min.js]
[jacqueline-html.themerex.net/js/vendor/jquery/widget.min.js]
[jacqueline-html.themerex.net/js/vendor/jquery/tabs.min.js]
[jacqueline-html.themerex.net/js/vendor/jquery/effect.min.js]
[jacqueline-html.themerex.net/home-3.html]
[jacqueline-html.themerex.net/js/vendor/jquery/effect-fade.min.js]
[jacqueline-html.themerex.net/images/image-6.jpg]
[jacqueline-html.themerex.net/images/image-1-1.jpg]
[jacqueline-html.themerex.net/images/image-17.jpg]
[jacqueline-html.themerex.net/images/facebook.png]
[jacqueline-html.themerex.net/images/google.png]
[jacqueline-html.themerex.net/images/twitter.png]
[jacqueline-html.themerex.net/gallery-grid.html]
[jacqueline-html.themerex.net/gallery-masonry.html]
[jacqueline-html.themerex.net/gallery-cobbles.html]
[jacqueline-html.themerex.net/js/vendor/photostack/component.css]
[jacqueline-html.themerex.net/images/image-10-370x370.jpg]
[jacqueline-html.themerex.net/images/image-2-1-370x370.jpg]
[jacqueline-html.themerex.net/images/image-11-370x370.jpg]
[jacqueline-html.themerex.net/images/image-3-1-370x370.jpg]
[jacqueline-html.themerex.net/images/image-12-370x370.jpg]
[jacqueline-html.themerex.net/images/image-4-1-370x370.jpg]
[jacqueline-html.themerex.net/images/image-1-1-370x370.jpg]
[jacqueline-html.themerex.net/js/vendor/photostack/modernizr.min.js]
[jacqueline-html.themerex.net/js/vendor/photostack/photostack.js]
[jacqueline-html.themerex.net/gallery-polaroid.html]
[jacqueline-html.themerex.net/js/vendor/photostack/classie.js]
[jacqueline-html.themerex.net/images/team-10-370x370.jpg]
[jacqueline-html.themerex.net/single-team.html]
[jacqueline-html.themerex.net/images/team-11-370x370.jpg]
[jacqueline-html.themerex.net/images/team-9-370x370.jpg]
[jacqueline-html.themerex.net/images/team-12-370x370.jpg]
[jacqueline-html.themerex.net/images/testimonials-1-75x75.png]
[jacqueline-html.themerex.net/images/testimonials-2-75x75.png]
[jacqueline-html.themerex.net/images/testimonials-3-75x75.png]
[jacqueline-html.themerex.net/about-us.html]
[jacqueline-html.themerex.net/images/testimonials-1.png]
[jacqueline-html.themerex.net/images/testimonials-2.png]
[jacqueline-html.themerex.net/images/testimonials-3.png]
[jacqueline-html.themerex.net/about-us-2.html]
[jacqueline-html.themerex.net/images/4-370x370.jpg]
[jacqueline-html.themerex.net/images/7-370x370.jpg]
[jacqueline-html.themerex.net/images/6-370x370.jpg]
[jacqueline-html.themerex.net/images/3-370x370.jpg]
[jacqueline-html.themerex.net/images/8-370x370.jpg]
[jacqueline-html.themerex.net/images/1-1-370x370.jpg]
[jacqueline-html.themerex.net/images/5-370x370.jpg]
[jacqueline-html.themerex.net/images/2-370x370.jpg]
[jacqueline-html.themerex.net/staff.html]
[jacqueline-html.themerex.net/images/icon_pin.png]
[jacqueline-html.themerex.net/contacts.html]
[jacqueline-html.themerex.net/price-tables.html]
[jacqueline-html.themerex.net/js/vendor/core.googlemap.js]
[jacqueline-html.themerex.net/js/vendor/tooltipster/tooltipster.css]
[jacqueline-html.themerex.net/js/vendor/tooltipster/tooltipster-light.css]
[jacqueline-html.themerex.net/js/vendor/booked/animations.css]
[jacqueline-html.themerex.net/js/vendor/booked/styles.css]
[jacqueline-html.themerex.net/js/vendor/booked/responsive.css]
[jacqueline-html.themerex.net/js/vendor/woo/woocommerce-layout.css]
[jacqueline-html.themerex.net/js/vendor/woo/woocommerce-smallscreen.css]
[jacqueline-html.themerex.net/js/vendor/woo/woocommerce.css]
[jacqueline-html.themerex.net/js/vendor/tribe/plugin.tribe-events.css]
[jacqueline-html.themerex.net/js/vendor/woo/plugin.woocommerce.css]
[jacqueline-html.themerex.net/js/vendor/mediaelement/mediaelementplayer.min.css]
[jacqueline-html.themerex.net/js/vendor/hotspot/style.min.css]
[jacqueline-html.themerex.net/js/vendor/hotspot/tooltipster.css]
[jacqueline-html.themerex.net/js/vendor/magnific-popup/magnific-popup.css]
[jacqueline-html.themerex.net/menu-item-1.html]
[jacqueline-html.themerex.net/images/image-8-75x75.jpg]
[jacqueline-html.themerex.net/menu-item-2.html]
[jacqueline-html.themerex.net/images/image-19-75x75.jpg]
[jacqueline-html.themerex.net/images/image-11-75x75.jpg]
[jacqueline-html.themerex.net/images/image-17-75x75.jpg]
[jacqueline-html.themerex.net/images/image-3-75x75.jpg]
[jacqueline-html.themerex.net/images/image-6-75x75.jpg]
[jacqueline-html.themerex.net/images/image-4-75x75.jpg]
[jacqueline-html.themerex.net/pricing.html]
[jacqueline-html.themerex.net/js/vendor/tribe/datepicker.css]
[jacqueline-html.themerex.net/js/vendor/tribe/tribe-events-full.min.css]
[jacqueline-html.themerex.net/js/vendor/tribe/tribe-events-theme.min.css]
[jacqueline-html.themerex.net/images/tribe-loading.gif]
[jacqueline-html.themerex.net/images/image-12-300x155.jpg]
[jacqueline-html.themerex.net/images/image-19-300x194.jpg]
[jacqueline-html.themerex.net/images/image-3-300x200.jpg]
[jacqueline-html.themerex.net/images/image-1-300x277.jpg]
[jacqueline-html.themerex.net/js/vendor/booked/spin.min.js]
[jacqueline-html.themerex.net/js/vendor/booked/spin.jquery.js]
[jacqueline-html.themerex.net/js/vendor/booked/jquery.tooltipster.min.js]
[jacqueline-html.themerex.net/events.html]
[jacqueline-html.themerex.net/js/vendor/booked/functions.js]
[jacqueline-html.themerex.net/images/111.jpg]
[jacqueline-html.themerex.net/certificates.html]
[jacqueline-html.themerex.net/images/1.png]
[jacqueline-html.themerex.net/images/2.png]
[jacqueline-html.themerex.net/images/3.png]
[jacqueline-html.themerex.net/images/Depositphotos_7888146_original-770x434.jpg]
[jacqueline-html.themerex.net/services.html]
[jacqueline-html.themerex.net/services-2.html]
[jacqueline-html.themerex.net/images/2.jpg]
[jacqueline-html.themerex.net/images/1a.jpg]
[jacqueline-html.themerex.net/js/vendor/woo/add-to-cart.min.js]
[jacqueline-html.themerex.net/js/vendor/woo/woocommerce-add-to-cart.js]
[jacqueline-html.themerex.net/js/vendor/woo/jquery.blockUI.min.js]
[jacqueline-html.themerex.net/js/vendor/woo/woocommerce.min.js]
[jacqueline-html.themerex.net/js/vendor/woo/jquery.cookie.min.js]
[jacqueline-html.themerex.net/js/vendor/woo/cart-fragments.min.js]
[jacqueline-html.themerex.net/js/vendor/mediaelement/mediaelement-and-player.min.js]
[jacqueline-html.themerex.net/js/vendor/hotspot/tooltipster.min.js]
[jacqueline-html.themerex.net/js/vendor/hotspot/script.min.js]
[jacqueline-html.themerex.net/typography.html]
[jacqueline-html.themerex.net/js/vendor/magnific-popup/jquery.magnific-popup.min.js]
[jacqueline-html.themerex.net/images/sample-melody.mp3]
[jacqueline-html.themerex.net/_https_/player.vimeo.com/video/741034565782]
[jacqueline-html.themerex.net/images/4.jpg]
[jacqueline-html.themerex.net/shortcodes.html]
[jacqueline-html.themerex.net/404.html]
[jacqueline-html.themerex.net/video.html]
[jacqueline-html.themerex.net/faq.html]
[jacqueline-html.themerex.net/js/vendor/jquery/accordion.min.js]
[jacqueline-html.themerex.net/images/7_supportA.png]
[jacqueline-html.themerex.net/images/7_support-updated-tablet.png]
[jacqueline-html.themerex.net/images/inmotion.png]
[jacqueline-html.themerex.net/images/mediatemple.png]
[jacqueline-html.themerex.net/support.html]
[jacqueline-html.themerex.net/booking.html]
[jacqueline-html.themerex.net/images/image-5-770x434.jpg]
[jacqueline-html.themerex.net/images/image-17-770x434.jpg]
[jacqueline-html.themerex.net/images/image-2-770x434.jpg]
[jacqueline-html.themerex.net/images/image-6-770x434.jpg]
[jacqueline-html.themerex.net/classic.html]
[jacqueline-html.themerex.net/images/image-1-370x341.jpg]
[jacqueline-html.themerex.net/images/image-5-370x217.jpg]
[jacqueline-html.themerex.net/images/image-3-370x246.jpg]
[jacqueline-html.themerex.net/images/image-17-370x251.jpg]
[jacqueline-html.themerex.net/images/image-2-370x217.jpg]
[jacqueline-html.themerex.net/images/image-6-370x252.jpg]
[jacqueline-html.themerex.net/images/image-7-370x304.jpg]
[jacqueline-html.themerex.net/images/image-8-370x301.jpg]
[jacqueline-html.themerex.net/images/image-9-370x191.jpg]
[jacqueline-html.themerex.net/images/image-10-370x258.jpg]
[jacqueline-html.themerex.net/masonry-2-columns.html]
[jacqueline-html.themerex.net/images/image-11-370x184.jpg]
[jacqueline-html.themerex.net/images/image-12-370x191.jpg]
[jacqueline-html.themerex.net/masonry-3-columns.html]
[jacqueline-html.themerex.net/js/vendor/isotope/core.portfolio.css]
[jacqueline-html.themerex.net/images/image-13-370x278.jpg]
[jacqueline-html.themerex.net/portfolio-2-columns.html]
[jacqueline-html.themerex.net/portfolio-3-columns.html]
[jacqueline-html.themerex.net/post-formats.html]
[jacqueline-html.themerex.net/shop-list.html]
[jacqueline-html.themerex.net/images/3473311970015_94-391x500.jpg]
[jacqueline-html.themerex.net/images/123-1-391x500.jpg]
[jacqueline-html.themerex.net/images/image1xxl-391x500.jpg]
[jacqueline-html.themerex.net/images/3473311421005_95-391x500.jpg]
[jacqueline-html.themerex.net/images/image1xxl-9-391x500.jpg]
[jacqueline-html.themerex.net/images/image1xxl-5-1-391x500.jpg]
[jacqueline-html.themerex.net/images/image1xxl-6-391x500.jpg]
[jacqueline-html.themerex.net/images/image1xxl-2-391x500.jpg]
[jacqueline-html.themerex.net/images/image1xxl-4-391x500.jpg]
[jacqueline-html.themerex.net/images/image1xxl-1-391x500.jpg]
[jacqueline-html.themerex.net/images/3473311504060-hd-391x500.jpg]
[jacqueline-html.themerex.net/images/image1xxl-10-391x500.jpg]
[jacqueline-html.themerex.net/js/vendor/jquery/mouse.mine899.js]
[jacqueline-html.themerex.net/js/vendor/jquery/slider.min.js]
[jacqueline-html.themerex.net/js/vendor/jquery/jquery-ui-touch-punch.min.js]
[jacqueline-html.themerex.net/shop.html]
[jacqueline-html.themerex.net/js/vendor/jquery/price-slider.min.js]
[jacqueline-html.themerex.net/images/image-1-1170x659.jpg]
[jacqueline-html.themerex.net/images/image-5-370x370.jpg]
[jacqueline-html.themerex.net/single-post.html]
[jacqueline-html.themerex.net/images/2-2-358x393.jpg]
[jacqueline-html.themerex.net/images/logo-4.png]
[jacqueline-html.themerex.net/images/logo-1.png]
[jacqueline-html.themerex.net/images/3473311504060-hd.jpg]
[jacqueline-html.themerex.net/images/image1xxl-9.jpg]
[jacqueline-html.themerex.net/images/huile_pr_cieuse_-_beaut_stars_2015_-_zoom_fiche-391x500.jpg]
[jacqueline-html.themerex.net/js/vendor/prettyPhoto/jquery.prettyPhoto.init.min.js]
[jacqueline-html.themerex.net/single-product.html]
[jacqueline-html.themerex.net/js/vendor/woo/single-product.min.js]
[jacqueline-html.themerex.net/img/icon.html]
[jacqueline-html.themerex.net/img/icon_accordion.html]
[jacqueline-html.themerex.net/img/icon_hotspot.html]
[jacqueline-html.themerex.net/img/icon_ihover.html]
[jacqueline-html.themerex.net/img/icon_dagallery.html]
[jacqueline-html.themerex.net/img/icon_mediumgallery.html]
[jacqueline-html.themerex.net/img/icon_masonry.html]
[jacqueline-html.themerex.net/img/icon_scrollnotification.html]
[jacqueline-html.themerex.net/img/icon_timeline.html]
[jacqueline-html.themerex.net/img/icon_fluidbox.html]
[jacqueline-html.themerex.net/img/icon_productcover.html]
[jacqueline-html.themerex.net/img/icon_ribbon.html]
[jacqueline-html.themerex.net/img/icon_appmockup.html]
[jacqueline-html.themerex.net/img/icon_depthmodal.html]
[jacqueline-html.themerex.net/img/icon_profilecard.html]
[jacqueline-html.themerex.net/img/icon_testimonial.html]
[jacqueline-html.themerex.net/img/icon_tab.html]
[jacqueline-html.themerex.net/img/icon_image.html]
[jacqueline-html.themerex.net/img/icon_parallax.html]
[jacqueline-html.themerex.net/img/icon_stackgallery.html]
[jacqueline-html.themerex.net/img/icon_figurenav.html]
[jacqueline-html.themerex.net/img/icon_button01.html]
[jacqueline-html.themerex.net/img/icon_todolist.html]
[jacqueline-html.themerex.net/img/icon_carouselgallery.html]
[jacqueline-html.themerex.net/img/icon_zoommagnify.html]
[jacqueline-html.themerex.net/img/icon_fullscreenintro.html]
[jacqueline-html.themerex.net/img/icon_pagetransition.html]
[jacqueline-html.themerex.net/img/icon_thumbcaption.html]
[jacqueline-html.themerex.net/img/icon_imagearrow.html]
[jacqueline-html.themerex.net/img/icon_metrocarousel.html]
[jacqueline-html.themerex.net/img/icon_separator.html]
[jacqueline-html.themerex.net/img/icon_materialcard.html]
[jacqueline-html.themerex.net/img/icon_cubebox.html]
[jacqueline-html.themerex.net/img/icon_sidebyside.html]
[jacqueline-html.themerex.net/img/icon_typewriter.html]
[jacqueline-html.themerex.net/img/icon_sticker.html]
[jacqueline-html.themerex.net/img/icon_imageoverlay.html]
[jacqueline-html.themerex.net/img/icon_imageoverlay2.html]
[jacqueline-html.themerex.net/img/icon_flipbox.html]
[jacqueline-html.themerex.net/img/icon_bannerblock.html]
[jacqueline-html.themerex.net/img/icon_beforeafter.html]
[jacqueline-html.themerex.net/img/icon_compareslider.html]
[jacqueline-html.themerex.net/img/icon_imageaccordion.html]
[jacqueline-html.themerex.net/img/icon_profilepanel.html]
[jacqueline-html.themerex.net/img/icon_videocover.html]
[jacqueline-html.themerex.net/img/icon_stackblock.html]
[jacqueline-html.themerex.net/img/icon_gradientbox.html]
[jacqueline-html.themerex.net/img/icon_vectorcard.html]
[jacqueline-html.themerex.net/img/icon_avatarwithpopup.html]
[jacqueline-html.themerex.net/img/icon_coverslider.html]
[jacqueline-html.themerex.net/img/icon_colorblock.html]
[jacqueline-html.themerex.net/img/icon_testimoniallist.html]
[jacqueline-html.themerex.net/img/icon_homeslider.html]
[jacqueline-html.themerex.net/js/vendor/images/loader.html]
[jacqueline-html.themerex.net/font/egfontdde9.svg]
[jacqueline-html.themerex.net/js/vendor/fonts/revicons/revicons90c6.html]
[jacqueline-html.themerex.net/js/vendor/fonts/revicons/revicons90c6-2.html]
[jacqueline-html.themerex.net/js/vendor/fonts/revicons/revicons90c6-3.html]
[jacqueline-html.themerex.net/js/vendor/fonts/revicons/revicons90c6-4.html]
[jacqueline-html.themerex.net/js/vendor/revslider/openhand.html]
[jacqueline-html.themerex.net/js/vendor/revslider/closedhand.html]
[jacqueline-html.themerex.net/js/vendor/assets/gridtile.html]
[jacqueline-html.themerex.net/js/vendor/assets/gridtile_white.html]
[jacqueline-html.themerex.net/js/vendor/assets/gridtile_3x3.html]
[jacqueline-html.themerex.net/js/vendor/assets/gridtile_3x3_white.html]
[jacqueline-html.themerex.net/js/vendor/assets/coloredbg.html]
[jacqueline-html.themerex.net/css/fontello/font/fontello628c.svg]
[jacqueline-html.themerex.net/js/vendor/essgrid/lightbox.js]
[jacqueline-html.themerex.net/css/images/bg/texture_7.html]
[jacqueline-html.themerex.net/css/images/rating_summary_bg.html]
[jacqueline-html.themerex.net/css/images/bg_dark.html]
[jacqueline-html.themerex.net/css/images/bg_light.html]
[jacqueline-html.themerex.net/css/images/bg_yellow.html]
[jacqueline-html.themerex.net/css/images/texture_top.html]
[jacqueline-html.themerex.net/css/images/texture_slider.html]
[jacqueline-html.themerex.net/css/images/texture_center.html]
[jacqueline-html.themerex.net/css/images/bg/texture_1.html]
[jacqueline-html.themerex.net/css/images/bg/texture_2.html]
[jacqueline-html.themerex.net/css/images/bg/texture_3.html]
[jacqueline-html.themerex.net/css/images/bg/texture_4.html]
[jacqueline-html.themerex.net/css/images/bg/texture_5.html]
[jacqueline-html.themerex.net/css/images/bg/texture_6.html]
[jacqueline-html.themerex.net/css/images/bg/texture_8.html]
[jacqueline-html.themerex.net/css/images/bg/texture_9.html]
[jacqueline-html.themerex.net/css/images/bg/texture_10.html]
[jacqueline-html.themerex.net/css/images/bg/texture_11.html]
[jacqueline-html.themerex.net/css/images/bg/texture_12.html]
[jacqueline-html.themerex.net/css/images/bg/pattern_1.html]
[jacqueline-html.themerex.net/css/images/bg/pattern_1170x700.html]
[jacqueline-html.themerex.net/css/images/bg/pattern_5.html]
[jacqueline-html.themerex.net/css/images/bg/image_1.html]
[jacqueline-html.themerex.net/css/images/bg/image_1170x700.html]
[jacqueline-html.themerex.net/js/vendor/vc/alert.html]
[jacqueline-html.themerex.net/js/vendor/vc/info.html]
[jacqueline-html.themerex.net/js/vendor/vc/tick.html]
[jacqueline-html.themerex.net/js/vendor/vc/exclamation.html]
[jacqueline-html.themerex.net/js/vendor/images/icons/address-book.html]
[jacqueline-html.themerex.net/js/vendor/images/icons/alarm-clock.html]
[jacqueline-html.themerex.net/js/vendor/images/icons/anchor.html]
[jacqueline-html.themerex.net/js/vendor/images/icons/application-image.html]
[jacqueline-html.themerex.net/js/vendor/images/icons/arrow.html]
[jacqueline-html.themerex.net/js/vendor/images/icons/asterisk.html]
[jacqueline-html.themerex.net/js/vendor/images/icons/auction-hammer.html]
[jacqueline-html.themerex.net/js/vendor/images/icons/balloon.html]
[jacqueline-html.themerex.net/js/vendor/images/icons/balloon-buzz.html]
[jacqueline-html.themerex.net/js/vendor/images/icons/balloon-facebook.html]
[jacqueline-html.themerex.net/js/vendor/images/icons/balloon-twitter.html]
[jacqueline-html.themerex.net/js/vendor/images/icons/battery-full.html]
[jacqueline-html.themerex.net/js/vendor/images/icons/binocular.html]
[jacqueline-html.themerex.net/js/vendor/images/icons/blue-document-excel.html]
[jacqueline-html.themerex.net/js/vendor/images/icons/blue-document-image.html]
[jacqueline-html.themerex.net/js/vendor/images/icons/blue-document-music.html]
[jacqueline-html.themerex.net/js/vendor/images/icons/blue-document-office.html]
[jacqueline-html.themerex.net/js/vendor/images/icons/blue-document-pdf.html]
[jacqueline-html.themerex.net/js/vendor/images/icons/blue-document-powerpoint.html]
[jacqueline-html.themerex.net/js/vendor/images/icons/blue-document-word.html]
[jacqueline-html.themerex.net/js/vendor/images/icons/bookmark.html]
[jacqueline-html.themerex.net/js/vendor/images/icons/camcorder.html]
[jacqueline-html.themerex.net/js/vendor/images/icons/camera.html]
[jacqueline-html.themerex.net/js/vendor/images/icons/chart.html]
[jacqueline-html.themerex.net/js/vendor/images/icons/chart-pie.html]
[jacqueline-html.themerex.net/js/vendor/images/icons/clock.html]
[jacqueline-html.themerex.net/js/vendor/images/icons/control.html]
[jacqueline-html.themerex.net/js/vendor/images/icons/fire.html]
[jacqueline-html.themerex.net/js/vendor/images/icons/heart.html]
[jacqueline-html.themerex.net/js/vendor/images/icons/mail.html]
[jacqueline-html.themerex.net/js/vendor/images/icons/plus-shield.html]
[jacqueline-html.themerex.net/js/vendor/images/icons/video.html]
[jacqueline-html.themerex.net/js/vendor/images/toggle_open.html]
[jacqueline-html.themerex.net/js/vendor/images/toggle_close.html]
[jacqueline-html.themerex.net/js/vendor/images/flickr.html]
[jacqueline-html.themerex.net/js/vendor/fonts/sc_grid/sc_grid_v157a1.html]
[jacqueline-html.themerex.net/js/vendor/fonts/sc_grid/sc_grid_v1d41d.html]
[jacqueline-html.themerex.net/js/vendor/fonts/sc_grid/sc_grid_v157a1-2.html]
[jacqueline-html.themerex.net/js/vendor/fonts/sc_grid/sc_grid_v157a1-3.html]
[jacqueline-html.themerex.net/js/vendor/fonts/sc_grid/sc_grid_v157a1-4.html]
[jacqueline-html.themerex.net/js/vendor/images/esgbox_loading.html]
[jacqueline-html.themerex.net/js/vendor/images/blank.html]
[jacqueline-html.themerex.net/images/esgbox_sprite@2x.html]
[jacqueline-html.themerex.net/images/esgbox_loading@2x.html]
[jacqueline-html.themerex.net/js/vendor/images/esgbox_buttons.html]
[jacqueline-html.themerex.net/css/images/sticky.png]
[jacqueline-html.themerex.net/images/1-4.jpg]
[jacqueline-html.themerex.net/images/038b62986.jpg]
[jacqueline-html.themerex.net/js/vendor/essgrid/jquery.themepunch.tools.min.js]
[jacqueline-html.themerex.net/images/1.jpg]
[jacqueline-html.themerex.net/images/logo_dark-1.png]
[jacqueline-html.themerex.net/images/1-3.jpg]
[jacqueline-html.themerex.net/images/2-1.jpg]
[jacqueline-html.themerex.net/images/Vector-Smart-Object.png]
[jacqueline-html.themerex.net/images/3.jpg]
[jacqueline-html.themerex.net/images/1-5-370x365.jpg]
[jacqueline-html.themerex.net/images/2-4-370x365.jpg]
[jacqueline-html.themerex.net/images/image-8.jpg]
[jacqueline-html.themerex.net/images/image-14.jpg]
[jacqueline-html.themerex.net/images/image-7.jpg]
[jacqueline-html.themerex.net/images/image-16.jpg]
[jacqueline-html.themerex.net/images/Depositphotos_56107791_original.png]
[jacqueline-html.themerex.net/home-2.html]
[jacqueline-html.themerex.net/js/vendor/essgrid/core.portfolio.css]
[scontent-frt3-1.cdninstagram.com/t51.2885-15/s640x640/sh0.08/e35/12677231_253027918375453_1649534054_ne25b.jpg]
[scontent-frt3-1.cdninstagram.com/t51.2885-15/s640x640/sh0.08/e35/12918633_839382359520640_2147080131_nf4c4.jpg]
[scontent-frt3-1.cdninstagram.com/t51.2885-15/s640x640/sh0.08/e35/12912543_796660627134197_1472131256_na5dd.jpg]
[scontent-frt3-1.cdninstagram.com/t51.2885-15/s640x640/sh0.08/e35/12912688_1403550456618757_975148170_n139d.jpg]
[scontent-frt3-1.cdninstagram.com/t51.2885-15/s640x640/sh0.08/e35/10632417_117727355292967_1787196746_n7d47.jpg]
[scontent-frt3-1.cdninstagram.com/t51.2885-15/s640x640/sh0.08/e35/925900_1157332147619463_1002029506_n036b.jpg]
[jacqueline-html.themerex.net/js/vendor/photostack/component.css]
[jacqueline-html.themerex.net/images/team-10.jpg]
[jacqueline-html.themerex.net/images/team-10-740x750.jpg]
[jacqueline-html.themerex.net/single-team.html]
[jacqueline-html.themerex.net/js/vendor/tooltipster/tooltipster.css]
[jacqueline-html.themerex.net/js/vendor/tooltipster/tooltipster-light.css]
[jacqueline-html.themerex.net/js/vendor/booked/animations.css]
[jacqueline-html.themerex.net/js/vendor/booked/styles.css]
[jacqueline-html.themerex.net/js/vendor/booked/responsive.css]
[jacqueline-html.themerex.net/js/vendor/woo/woocommerce-layout.css]
[jacqueline-html.themerex.net/js/vendor/woo/woocommerce-smallscreen.css]
[jacqueline-html.themerex.net/font/star.eot]
[jacqueline-html.themerex.net/font/star.woff]
[jacqueline-html.themerex.net/font/stard41d.eot]
[jacqueline-html.themerex.net/font/star.ttf]
[jacqueline-html.themerex.net/font/star.svg]
[jacqueline-html.themerex.net/font/WooCommerce.eot]
[jacqueline-html.themerex.net/font/WooCommerce.woff]
[jacqueline-html.themerex.net/font/WooCommerce.ttf]
[jacqueline-html.themerex.net/font/WooCommerced41d.eot]
[jacqueline-html.themerex.net/font/WooCommerce.svg]
[jacqueline-html.themerex.net/js/vendor/images/icons/loader.svg]
[jacqueline-html.themerex.net/js/vendor/images/icons/credit-cards/visa.svg]
[jacqueline-html.themerex.net/js/vendor/images/icons/credit-cards/mastercard.svg]
[jacqueline-html.themerex.net/js/vendor/images/icons/credit-cards/laser.svg]
[jacqueline-html.themerex.net/js/vendor/images/icons/credit-cards/diners.svg]
[jacqueline-html.themerex.net/js/vendor/images/icons/credit-cards/maestro.svg]
[jacqueline-html.themerex.net/js/vendor/images/icons/credit-cards/jcb.svg]
[jacqueline-html.themerex.net/js/vendor/images/icons/credit-cards/amex.svg]
[jacqueline-html.themerex.net/js/vendor/images/icons/credit-cards/discover.svg]
[jacqueline-html.themerex.net/js/vendor/woo/woocommerce.css]
[jacqueline-html.themerex.net/images/icon-month-hover.png]
[jacqueline-html.themerex.net/images/icon-list-hover.png]
[jacqueline-html.themerex.net/images/icon-day-hover.png]
[jacqueline-html.themerex.net/js/vendor/tribe/plugin.tribe-events.css]
[jacqueline-html.themerex.net/js/vendor/images/woo/shop-cat-bg-1.jpg]
[jacqueline-html.themerex.net/js/vendor/images/woo/shop-cat-bg-2.jpg]
[jacqueline-html.themerex.net/js/vendor/images/woo/shop-cat-bg-3.jpg]
[jacqueline-html.themerex.net/js/vendor/images/woo/shop-cat-bg-4.jpg]
[jacqueline-html.themerex.net/js/vendor/images/woo/shop-cat-bg-5.jpg]
[jacqueline-html.themerex.net/js/vendor/images/woo/shop-cat-bg-6.jpg]
[jacqueline-html.themerex.net/js/vendor/woo/plugin.woocommerce.css]
[jacqueline-html.themerex.net/js/vendor/mediaelement/bigplay.svg]
[jacqueline-html.themerex.net/js/vendor/mediaelement/bigplay.png]
[jacqueline-html.themerex.net/js/vendor/mediaelement/background.png]
[jacqueline-html.themerex.net/js/vendor/mediaelement/loading.gif]
[jacqueline-html.themerex.net/js/vendor/mediaelement/controls.svg]
[jacqueline-html.themerex.net/js/vendor/mediaelement/controls.png]
[jacqueline-html.themerex.net/js/vendor/mediaelement/jumpforward.png]
[jacqueline-html.themerex.net/js/vendor/mediaelement/skipback.png]
[jacqueline-html.themerex.net/js/vendor/mediaelement/mediaelementplayer.min.css]
[jacqueline-html.themerex.net/js/vendor/hotspot/style.min.css]
[jacqueline-html.themerex.net/js/vendor/hotspot/tooltipster.css]
[jacqueline-html.themerex.net/js/vendor/magnific-popup/magnific-popup.css]
[jacqueline-html.themerex.net/images/image-8-1170x659.jpg]
[jacqueline-html.themerex.net/menu-item-1.html]
[jacqueline-html.themerex.net/images/image-4-1170x659.jpg]
[jacqueline-html.themerex.net/menu-item-2.html]
[jacqueline-html.themerex.net/js/vendor/tribe/datepicker.css]
[jacqueline-html.themerex.net/js/vendor/images/tribe-tooltips.1ea.delayed]
[jacqueline-html.themerex.net/js/vendor/images/events-bar/icon-month.png]
[jacqueline-html.themerex.net/js/vendor/images/events-bar/icon-list.png]
[jacqueline-html.themerex.net/js/vendor/images/events-bar/icon-week.png]
[jacqueline-html.themerex.net/js/vendor/images/events-bar/icon-day.png]
[jacqueline-html.themerex.net/js/vendor/images/events-bar/icon-photo.png]
[jacqueline-html.themerex.net/js/vendor/images/events-bar/icon-map.png]
[jacqueline-html.themerex.net/js/vendor/images/tribe-tooltips@2x.png]
[jacqueline-html.themerex.net/js/vendor/images/events-bar/icon-search@2x.png]
[jacqueline-html.themerex.net/js/vendor/images/events-bar/icon-gear@2x.png]
[jacqueline-html.themerex.net/js/vendor/vendor/select2/select2x2.png]
[jacqueline-html.themerex.net/js/vendor/images/events-bar/icon-month@2x.png]
[jacqueline-html.themerex.net/js/vendor/images/events-bar/icon-list@2x.png]
[jacqueline-html.themerex.net/js/vendor/images/events-bar/icon-week@2x.png]
[jacqueline-html.themerex.net/js/vendor/images/events-bar/icon-day@2x.png]
[jacqueline-html.themerex.net/js/vendor/images/events-bar/icon-photo@2x.png]
[jacqueline-html.themerex.net/js/vendor/images/events-bar/icon-map@2x.png]
[jacqueline-html.themerex.net/js/vendor/tribe/tribe-events-full.min.css]
[jacqueline-html.themerex.net/js/vendor/images/tribe-theme/tribe-theme-tooltips.png]
[jacqueline-html.themerex.net/js/vendor/images/tribe-theme/tribe-theme-tooltips@2x.png]
[jacqueline-html.themerex.net/js/vendor/tribe/tribe-events-theme.min.css]
[jacqueline-html.themerex.net/_https_/player.vimeo.com/video/741034565782.html]
[jacqueline-html.themerex.net/js/vendor/isotope/core.portfolio.css]
[jacqueline-html.themerex.net/shop-list.html]
[jacqueline-html.themerex.net/images/image-19-370x370.jpg]
[jacqueline-html.themerex.net/css/images/sticky.png]
[jacqueline-html.themerex.net/images/huile_pr_cieuse_-_beaut_stars_2015_-_zoom_fiche.jpg]
[jacqueline-html.themerex.net/font/star.html]
[jacqueline-html.themerex.net/font/WooCommerce.svg]
[jacqueline-html.themerex.net/js/vendor/images/icons/loader.html]
[jacqueline-html.themerex.net/js/vendor/images/icons/credit-cards/visa.html]
[jacqueline-html.themerex.net/js/vendor/images/icons/credit-cards/mastercard.html]
[jacqueline-html.themerex.net/js/vendor/images/icons/credit-cards/laser.html]
[jacqueline-html.themerex.net/js/vendor/images/icons/credit-cards/diners.html]
[jacqueline-html.themerex.net/js/vendor/images/icons/credit-cards/maestro.html]
[jacqueline-html.themerex.net/js/vendor/images/icons/credit-cards/jcb.html]
[jacqueline-html.themerex.net/js/vendor/images/icons/credit-cards/amex.html]
[jacqueline-html.themerex.net/js/vendor/images/icons/credit-cards/discover.html]
[jacqueline-html.themerex.net/js/vendor/images/woo/shop-cat-bg-1.html]
[jacqueline-html.themerex.net/js/vendor/images/woo/shop-cat-bg-2.html]
[jacqueline-html.themerex.net/js/vendor/images/woo/shop-cat-bg-3.html]
[jacqueline-html.themerex.net/js/vendor/images/woo/shop-cat-bg-4.html]
[jacqueline-html.themerex.net/js/vendor/images/woo/shop-cat-bg-5.html]
[jacqueline-html.themerex.net/js/vendor/images/woo/shop-cat-bg-6.html]
[jacqueline-html.themerex.net/js/vendor/mediaelement/bigplay.html]
[jacqueline-html.themerex.net/js/vendor/mediaelement/bigplay-2.html]
[jacqueline-html.themerex.net/js/vendor/mediaelement/background.html]
[jacqueline-html.themerex.net/js/vendor/mediaelement/loading.html]
[jacqueline-html.themerex.net/js/vendor/mediaelement/controls.html]
[jacqueline-html.themerex.net/js/vendor/mediaelement/controls-2.html]
[jacqueline-html.themerex.net/js/vendor/mediaelement/jumpforward.html]
[jacqueline-html.themerex.net/js/vendor/mediaelement/skipback.html]
[jacqueline-html.themerex.net/js/vendor/images/tribe-tooltips.html]
[jacqueline-html.themerex.net/js/vendor/images/events-bar/icon-month.html]
[jacqueline-html.themerex.net/js/vendor/images/events-bar/icon-list.html]
[jacqueline-html.themerex.net/js/vendor/images/events-bar/icon-week.html]
[jacqueline-html.themerex.net/js/vendor/images/events-bar/icon-day.html]
[jacqueline-html.themerex.net/js/vendor/images/events-bar/icon-photo.html]
[jacqueline-html.themerex.net/js/vendor/images/events-bar/icon-map.html]
[jacqueline-html.themerex.net/js/vendor/images/tribe-tooltips@2x.html]
[jacqueline-html.themerex.net/js/vendor/images/events-bar/icon-search@2x.html]
[jacqueline-html.themerex.net/js/vendor/images/events-bar/icon-gear@2x.html]
[jacqueline-html.themerex.net/js/vendor/vendor/select2/select2x2.html]
[jacqueline-html.themerex.net/js/vendor/images/events-bar/icon-month@2x.html]
[jacqueline-html.themerex.net/js/vendor/images/events-bar/icon-list@2x.html]
[jacqueline-html.themerex.net/js/vendor/images/events-bar/icon-week@2x.html]
[jacqueline-html.themerex.net/js/vendor/images/events-bar/icon-day@2x.html]
[jacqueline-html.themerex.net/js/vendor/images/events-bar/icon-photo@2x.html]
[jacqueline-html.themerex.net/js/vendor/images/events-bar/icon-map@2x.html]
[jacqueline-html.themerex.net/js/vendor/images/tribe-theme/tribe-theme-tooltips.html]
[jacqueline-html.themerex.net/js/vendor/images/tribe-theme/tribe-theme-tooltips@2x.html]
[jacqueline-html.themerex.net/js/vendor/prettyPhoto/prettyPhoto.css]
[jacqueline-html.themerex.net/js/vendor/prettyPhoto/jquery.prettyPhoto.min.js]
[jacqueline-html.themerex.net/js/vendor/fonts/star.eot]
[jacqueline-html.themerex.net/js/vendor/fonts/stard41d.eot]
[jacqueline-html.themerex.net/js/vendor/fonts/star.woff]
[jacqueline-html.themerex.net/js/vendor/fonts/star.ttf]
[jacqueline-html.themerex.net/js/vendor/fonts/star.svg]
[jacqueline-html.themerex.net/js/vendor/fonts/WooCommerce.eot]
[jacqueline-html.themerex.net/js/vendor/fonts/WooCommerced41d.eot]
[jacqueline-html.themerex.net/js/vendor/prettyPhoto/prettyPhoto.css]
[jacqueline-html.themerex.net/images/loader.svg]
[jacqueline-html.themerex.net/img/icon_faanimation.html]
[jacqueline-html.themerex.net/js/vendor/fonts/star.html]
[jacqueline-html.themerex.net/js/vendor/fonts/stard41d.html]
[jacqueline-html.themerex.net/js/vendor/fonts/star-2.html]
[jacqueline-html.themerex.net/js/vendor/fonts/star-3.html]
[jacqueline-html.themerex.net/js/vendor/fonts/star-4.html]
[jacqueline-html.themerex.net/js/vendor/fonts/WooCommerce.html]
[jacqueline-html.themerex.net/js/vendor/fonts/WooCommerced41d.html]
[jacqueline-html.themerex.net/images/loader.svg]
[jacqueline-html.themerex.net/images/3-3-370x365.jpg]
